// Jest Snapshot v1, https://goo.gl/fbAQLP

exports[`component snapshoot render with all props 1`] = `
"<div id=\\"holder\\">
  <p class=\\"message\\"><span class=\\"first\\">Ruben's</span><span class=\\"second\\">look</span></p>
</div>"
`;

exports[`component snapshoot render without props 1`] = `
"<div id=\\"holder\\">
  <p class=\\"message\\"><span class=\\"first\\">Ruben's</span><span class=\\"second\\">look</span></p>
</div>"
`;
